
Allocating common symbols
Common symbol       size              file

global_mcgirclk_freq_mhz
                    0x4               ./Sources/global.o
global_core_clock_freq_mhz
                    0x4               ./Sources/global.o
global_platform_clock_freq_mhz
                    0x4               ./Sources/global.o
global_oscerclk_freq_mhz
                    0x4               ./Sources/global.o
global_flash_clock_freq_mhz
                    0x4               ./Sources/global.o
global_system_clock_freq_mhz
                    0x4               ./Sources/global.o
global_bus_clock_freq_mhz
                    0x4               ./Sources/global.o

Discarded input sections

 .text          0x00000000       0x30 ./Project_Settings/CSE325_Lib/unsigned_int_div.o
 .data          0x00000000        0x0 ./Project_Settings/CSE325_Lib/unsigned_int_div.o
 .bss           0x00000000        0x0 ./Project_Settings/CSE325_Lib/unsigned_int_div.o
 .ARM.attributes
                0x00000000       0x21 ./Project_Settings/CSE325_Lib/unsigned_int_div.o
 .debug_line    0x00000000       0x78 ./Project_Settings/CSE325_Lib/unsigned_int_div.o
 .debug_info    0x00000000       0x8e ./Project_Settings/CSE325_Lib/unsigned_int_div.o
 .debug_abbrev  0x00000000       0x14 ./Project_Settings/CSE325_Lib/unsigned_int_div.o
 .debug_aranges
                0x00000000       0x20 ./Project_Settings/CSE325_Lib/unsigned_int_div.o
 .text          0x00000000       0x20 ./Project_Settings/CSE325_Lib/signed_int_mod.o
 .data          0x00000000        0x0 ./Project_Settings/CSE325_Lib/signed_int_mod.o
 .bss           0x00000000        0x0 ./Project_Settings/CSE325_Lib/signed_int_mod.o
 .ARM.attributes
                0x00000000       0x21 ./Project_Settings/CSE325_Lib/signed_int_mod.o
 .debug_line    0x00000000       0x6c ./Project_Settings/CSE325_Lib/signed_int_mod.o
 .debug_info    0x00000000       0x8c ./Project_Settings/CSE325_Lib/signed_int_mod.o
 .debug_abbrev  0x00000000       0x14 ./Project_Settings/CSE325_Lib/signed_int_mod.o
 .debug_aranges
                0x00000000       0x20 ./Project_Settings/CSE325_Lib/signed_int_mod.o
 .text          0x00000000       0x1e ./Project_Settings/CSE325_Lib/signed_int_div.o
 .data          0x00000000        0x0 ./Project_Settings/CSE325_Lib/signed_int_div.o
 .bss           0x00000000        0x0 ./Project_Settings/CSE325_Lib/signed_int_div.o
 .ARM.attributes
                0x00000000       0x21 ./Project_Settings/CSE325_Lib/signed_int_div.o
 .debug_line    0x00000000       0x6c ./Project_Settings/CSE325_Lib/signed_int_div.o
 .debug_info    0x00000000       0x8c ./Project_Settings/CSE325_Lib/signed_int_div.o
 .debug_abbrev  0x00000000       0x14 ./Project_Settings/CSE325_Lib/signed_int_div.o
 .debug_aranges
                0x00000000       0x20 ./Project_Settings/CSE325_Lib/signed_int_div.o
 .text          0x00000000        0x0 ./Project_Settings/CSE325_Lib/libcse325.o
 .data          0x00000000        0x0 ./Project_Settings/CSE325_Lib/libcse325.o
 .bss           0x00000000        0x0 ./Project_Settings/CSE325_Lib/libcse325.o
 .text          0x00000000        0x0 ./Project_Settings/Startup_Code/bare_startup.o
 .data          0x00000000        0x0 ./Project_Settings/Startup_Code/bare_startup.o
 .bss           0x00000000        0x0 ./Project_Settings/Startup_Code/bare_startup.o
 .data          0x00000000        0x0 ./Project_Settings/Startup_Code/bare_asm_startup.o
 .bss           0x00000000        0x0 ./Project_Settings/Startup_Code/bare_asm_startup.o
 .text          0x00000000        0x0 ./Sources/tpm_pwm.o
 .data          0x00000000        0x0 ./Sources/tpm_pwm.o
 .bss           0x00000000        0x0 ./Sources/tpm_pwm.o
 .text.tpm_init_pwm
                0x00000000       0x9c ./Sources/tpm_pwm.o
 .text.tpm_cfg_period
                0x00000000       0x28 ./Sources/tpm_pwm.o
 .text.pwm_enable
                0x00000000       0x74 ./Sources/tpm_pwm.o
 .text.pwm_disable
                0x00000000       0x7c ./Sources/tpm_pwm.o
 .text.pwm_cfg_duty
                0x00000000       0x58 ./Sources/tpm_pwm.o
 .text.pwm_cfg_duty_TPM0
                0x00000000       0x2c ./Sources/tpm_pwm.o
 .text.pwm_cfg_polarity
                0x00000000       0xb0 ./Sources/tpm_pwm.o
 .debug_info    0x00000000      0x3f8 ./Sources/tpm_pwm.o
 .debug_abbrev  0x00000000       0xef ./Sources/tpm_pwm.o
 .debug_loc     0x00000000      0x188 ./Sources/tpm_pwm.o
 .debug_aranges
                0x00000000       0x50 ./Sources/tpm_pwm.o
 .debug_macinfo
                0x00000000    0x30bbe ./Sources/tpm_pwm.o
 .debug_line    0x00000000      0x129 ./Sources/tpm_pwm.o
 .debug_str     0x00000000      0x32b ./Sources/tpm_pwm.o
 .comment       0x00000000       0x7a ./Sources/tpm_pwm.o
 .ARM.attributes
                0x00000000       0x31 ./Sources/tpm_pwm.o
 .debug_frame   0x00000000       0xf0 ./Sources/tpm_pwm.o
 .text          0x00000000        0x0 ./Sources/tpm.o
 .data          0x00000000        0x0 ./Sources/tpm.o
 .bss           0x00000000        0x0 ./Sources/tpm.o
 .text.tpm_init
                0x00000000       0x6c ./Sources/tpm.o
 .text.tpm_cfg_state
                0x00000000       0x78 ./Sources/tpm.o
 .text.tpm_busy_delay_us
                0x00000000      0x130 ./Sources/tpm.o
 .text.tpm_busy_delay_ms
                0x00000000       0xe0 ./Sources/tpm.o
 .debug_info    0x00000000      0x50b ./Sources/tpm.o
 .debug_abbrev  0x00000000      0x11f ./Sources/tpm.o
 .debug_loc     0x00000000       0xe0 ./Sources/tpm.o
 .debug_aranges
                0x00000000       0x38 ./Sources/tpm.o
 .debug_macinfo
                0x00000000    0x30ba8 ./Sources/tpm.o
 .debug_line    0x00000000      0x102 ./Sources/tpm.o
 .debug_str     0x00000000      0x346 ./Sources/tpm.o
 .comment       0x00000000       0x7a ./Sources/tpm.o
 .ARM.attributes
                0x00000000       0x31 ./Sources/tpm.o
 .debug_frame   0x00000000       0x90 ./Sources/tpm.o
 .text          0x00000000        0x0 ./Sources/systick.o
 .data          0x00000000        0x0 ./Sources/systick.o
 .bss           0x00000000        0x0 ./Sources/systick.o
 .text.systick_cfg_callback
                0x00000000       0x18 ./Sources/systick.o
 .text.systick_cfg_clk_src
                0x00000000       0x38 ./Sources/systick.o
 .text.systick_cfg_int_state
                0x00000000       0x38 ./Sources/systick.o
 .text.systick_cfg_state
                0x00000000       0x38 ./Sources/systick.o
 .text.systick_init
                0x00000000       0x54 ./Sources/systick.o
 .text.systick_read
                0x00000000       0x14 ./Sources/systick.o
 .text.systick_reset
                0x00000000       0x44 ./Sources/systick.o
 .text          0x00000000        0x0 ./Sources/spi.o
 .data          0x00000000        0x0 ./Sources/spi.o
 .bss           0x00000000        0x0 ./Sources/spi.o
 .text.spi1_tx_block
                0x00000000       0x34 ./Sources/spi.o
 .text          0x00000000        0x0 ./Sources/sim.o
 .data          0x00000000        0x0 ./Sources/sim.o
 .bss           0x00000000        0x0 ./Sources/sim.o
 .text.enableSIM
                0x00000000       0x30 ./Sources/sim.o
 .debug_info    0x00000000      0x2b8 ./Sources/sim.o
 .debug_abbrev  0x00000000       0xaf ./Sources/sim.o
 .debug_loc     0x00000000       0x38 ./Sources/sim.o
 .debug_aranges
                0x00000000       0x20 ./Sources/sim.o
 .debug_macinfo
                0x00000000    0x30990 ./Sources/sim.o
 .debug_line    0x00000000       0xa1 ./Sources/sim.o
 .debug_str     0x00000000      0x1fb ./Sources/sim.o
 .comment       0x00000000       0x7a ./Sources/sim.o
 .ARM.attributes
                0x00000000       0x31 ./Sources/sim.o
 .debug_frame   0x00000000       0x30 ./Sources/sim.o
 .text          0x00000000        0x0 ./Sources/port.o
 .data          0x00000000        0x0 ./Sources/port.o
 .bss           0x00000000        0x0 ./Sources/port.o
 .text          0x00000000        0x0 ./Sources/pit.o
 .data          0x00000000        0x0 ./Sources/pit.o
 .bss           0x00000000        0x0 ./Sources/pit.o
 .data.g_pit_ldval
                0x00000000       0x64 ./Sources/pit.o
 .text.pit_cfg_freq
                0x00000000       0x54 ./Sources/pit.o
 .text.pit_cfg_state
                0x00000000       0x7c ./Sources/pit.o
 .text.pit_init
                0x00000000       0x74 ./Sources/pit.o
 .text          0x00000000        0x0 ./Sources/nokia_lcd.o
 .data          0x00000000        0x0 ./Sources/nokia_lcd.o
 .bss           0x00000000        0x0 ./Sources/nokia_lcd.o
 .text.nokia_lcd_disp_char_xy
                0x00000000       0x34 ./Sources/nokia_lcd.o
 .text.nokia_lcd_set_x_char
                0x00000000       0x24 ./Sources/nokia_lcd.o
 .text.nokia_lcd_set_y_char
                0x00000000       0x1c ./Sources/nokia_lcd.o
 .text.nokia_lcd_set_xy_char
                0x00000000       0x2c ./Sources/nokia_lcd.o
 .text.nokia_lcd_cfg_reset
                0x00000000       0x40 ./Sources/nokia_lcd.o
 .text          0x00000000        0x0 ./Sources/main.o
 .data          0x00000000        0x0 ./Sources/main.o
 .bss           0x00000000        0x0 ./Sources/main.o
 .text          0x00000000        0x0 ./Sources/int.o
 .data          0x00000000        0x0 ./Sources/int.o
 .bss           0x00000000        0x0 ./Sources/int.o
 .text.int_cfg_pending_state
                0x00000000       0x64 ./Sources/int.o
 .text.int_get_pending_state
                0x00000000       0x34 ./Sources/int.o
 .text.int_get_priority
                0x00000000       0x50 ./Sources/int.o
 .text.int_get_state
                0x00000000       0x30 ./Sources/int.o
 .text.int_mask_all
                0x00000000        0xc ./Sources/int.o
 .text.int_unmask_all
                0x00000000        0xc ./Sources/int.o
 .text          0x00000000        0x0 ./Sources/gpio.o
 .data          0x00000000        0x0 ./Sources/gpio.o
 .bss           0x00000000        0x0 ./Sources/gpio.o
 .text.gpioa_pddr_config
                0x00000000       0x4c ./Sources/gpio.o
 .text.gpiod_pddr_config
                0x00000000       0x4c ./Sources/gpio.o
 .text          0x00000000        0x0 ./Sources/global.o
 .data          0x00000000        0x0 ./Sources/global.o
 .bss           0x00000000        0x0 ./Sources/global.o
 .rodata.GLOBAL_FREQ_EXT_CRYSTAL_HZ
                0x00000000        0x4 ./Sources/global.o
 .rodata.GLOBAL_FREQ_EXT_CRYSTAL_KHZ
                0x00000000        0x4 ./Sources/global.o
 .rodata.GLOBAL_FREQ_EXT_CRYSTAL_MHz
                0x00000000        0x4 ./Sources/global.o
 .text          0x00000000        0x0 ./Sources/frdm_pushb.o
 .data          0x00000000        0x0 ./Sources/frdm_pushb.o
 .bss           0x00000000        0x0 ./Sources/frdm_pushb.o
 .text.frdm_pushb_init
                0x00000000       0x84 ./Sources/frdm_pushb.o
 .text          0x00000000        0x0 ./Sources/frdm_led.o
 .data          0x00000000        0x0 ./Sources/frdm_led.o
 .bss           0x00000000        0x0 ./Sources/frdm_led.o
 .data.FRDM_LED_RED_PIN
                0x00000000        0x4 ./Sources/frdm_led.o
 .data.FRDM_LED_GREEN_PIN
                0x00000000        0x4 ./Sources/frdm_led.o
 .text.frdm_led_green_init
                0x00000000       0x38 ./Sources/frdm_led.o
 .text.frdm_led_green_off
                0x00000000       0x28 ./Sources/frdm_led.o
 .text.frdm_led_green_on
                0x00000000       0x28 ./Sources/frdm_led.o
 .text.frdm_led_green_state
                0x00000000       0x30 ./Sources/frdm_led.o
 .text.frdm_led_green_toggle
                0x00000000       0x28 ./Sources/frdm_led.o
 .text.frdm_led_red_init
                0x00000000       0x48 ./Sources/frdm_led.o
 .text.frdm_led_red_off
                0x00000000       0x28 ./Sources/frdm_led.o
 .text.frdm_led_red_on
                0x00000000       0x28 ./Sources/frdm_led.o
 .text.frdm_led_red_state
                0x00000000       0x30 ./Sources/frdm_led.o
 .text.frdm_led_red_toggle
                0x00000000       0x28 ./Sources/frdm_led.o
 .debug_info    0x00000000      0x2bd ./Sources/frdm_led.o
 .debug_abbrev  0x00000000      0x104 ./Sources/frdm_led.o
 .debug_loc     0x00000000      0x1d0 ./Sources/frdm_led.o
 .debug_aranges
                0x00000000       0x68 ./Sources/frdm_led.o
 .debug_macinfo
                0x00000000    0x30990 ./Sources/frdm_led.o
 .debug_line    0x00000000      0x154 ./Sources/frdm_led.o
 .debug_str     0x00000000      0x296 ./Sources/frdm_led.o
 .comment       0x00000000       0x7a ./Sources/frdm_led.o
 .ARM.attributes
                0x00000000       0x31 ./Sources/frdm_led.o
 .debug_frame   0x00000000      0x134 ./Sources/frdm_led.o

Memory Configuration

Name             Origin             Length             Attributes
m_interrupts     0x00000000         0x000000c0         xr
m_cfmprotrom     0x00000400         0x00000010         xr
m_text           0x00000800         0x0003f800         xr
m_data           0x1fffe000         0x00008000         xrw
*default*        0x00000000         0xffffffff

Linker script and memory map

LOAD ./Project_Settings/CSE325_Lib/unsigned_int_div.o
LOAD ./Project_Settings/CSE325_Lib/signed_int_mod.o
LOAD ./Project_Settings/CSE325_Lib/signed_int_div.o
LOAD ./Project_Settings/CSE325_Lib/libcse325.o
LOAD ./Project_Settings/Startup_Code/bare_startup.o
LOAD ./Project_Settings/Startup_Code/bare_asm_startup.o
LOAD ./Sources/tpm_pwm.o
LOAD ./Sources/tpm.o
LOAD ./Sources/systick.o
LOAD ./Sources/spi.o
LOAD ./Sources/sim.o
LOAD ./Sources/port.o
LOAD ./Sources/pit.o
LOAD ./Sources/nokia_lcd.o
LOAD ./Sources/main.o
LOAD ./Sources/int.o
LOAD ./Sources/gpio.o
LOAD ./Sources/global.o
LOAD ./Sources/frdm_pushb.o
LOAD ./Sources/frdm_led.o
                0x20005ffc                __init_sp = 0x20005ffc

.interrupts     0x00000000       0xc0
                0x00000000                __vector_table = .
                0x00000000                . = ALIGN (0x4)
 *(.vectortable)
 .vectortable   0x00000000       0xc0 ./Project_Settings/Startup_Code/bare_startup.o
                0x00000000                bare_vector_table
                0x000000c0                . = ALIGN (0x4)

.cfmprotect     0x00000400        0x0
                0x00000400                . = ALIGN (0x4)
 *(.cfmconfig)
                0x00000400                . = ALIGN (0x4)

.text           0x00000800      0xc10
                0x00000800                . = ALIGN (0x4)
 *(.text)
 .text          0x00000800       0x2c ./Project_Settings/Startup_Code/bare_asm_startup.o
                0x00000800                bare_sp_init
                0x00000810                bare_startup
 *(.text*)
 .text.cse325_memcpy
                0x0000082c       0x4c ./Project_Settings/CSE325_Lib/libcse325.o
                0x0000082c                cse325_memcpy
 .text.cse325_memset
                0x00000878       0x3c ./Project_Settings/CSE325_Lib/libcse325.o
                0x00000878                cse325_memset
 .text.bare_bss_zero_fill
                0x000008b4       0x24 ./Project_Settings/Startup_Code/bare_startup.o
                0x000008b4                bare_bss_zero_fill
 .text.bare_clocks_init
                0x000008d8      0x154 ./Project_Settings/Startup_Code/bare_startup.o
 .text.bare_copy_rom_sections_to_ram
                0x00000a2c       0x68 ./Project_Settings/Startup_Code/bare_startup.o
                0x00000a2c                bare_copy_rom_sections_to_ram
 .text.bare_default_isr
                0x00000a94        0xc ./Project_Settings/Startup_Code/bare_startup.o
                0x00000a94                adc0_isr
                0x00000a94                uart0_isr
                0x00000a94                i2c0_isr
                0x00000a94                tpm1_isr
                0x00000a94                slcd_isr
                0x00000a94                uart2_isr
                0x00000a94                spi1_isr
                0x00000a94                dma0_isr
                0x00000a94                i2c1_isr
                0x00000a94                lptimer_isr
                0x00000a94                spi0_isr
                0x00000a94                dma1_isr
                0x00000a94                dma3_isr
                0x00000a94                tsi0_isr
                0x00000a94                rtcalarm_isr
                0x00000a94                pendsv_isr
                0x00000a94                uart1_isr
                0x00000a94                porta_isr
                0x00000a94                ftfa_isr
                0x00000a94                pmc_isr
                0x00000a94                svc_isr
                0x00000a94                tpm0_isr
                0x00000a94                nmi_isr
                0x00000a94                dma2_isr
                0x00000a94                i2s0_isr
                0x00000a94                cmp0_isr
                0x00000a94                rtcsecs_isr
                0x00000a94                usbotg_isr
                0x00000a94                dac0_isr
                0x00000a94                bare_default_isr
                0x00000a94                mcg_isr
                0x00000a94                llw_isr
                0x00000a94                tpm2_isr
 .text.bare_hardfault_isr
                0x00000aa0        0xc ./Project_Settings/Startup_Code/bare_startup.o
                0x00000aa0                bare_hardfault_isr
 .text.bare_hw_init
                0x00000aac       0x30 ./Project_Settings/Startup_Code/bare_startup.o
                0x00000aac                bare_hw_init
 .text.systick_isr
                0x00000adc       0x24 ./Sources/systick.o
                0x00000adc                systick_isr
 .text.spi1_init
                0x00000b00      0x14c ./Sources/spi.o
                0x00000b00                spi1_init
 .text.spi1_tx_byte
                0x00000c4c       0x30 ./Sources/spi.o
                0x00000c4c                spi1_tx_byte
 .text.port_gpio_config
                0x00000c7c       0x60 ./Sources/port.o
                0x00000c7c                port_gpio_config
 .text.pit_isr  0x00000cdc       0x64 ./Sources/pit.o
                0x00000cdc                pit_isr
 .text.nokia_lcd_init
                0x00000d40       0x70 ./Sources/nokia_lcd.o
                0x00000d40                nokia_lcd_init
 .text.nokia_lcd_draw_char
                0x00000db0       0x6c ./Sources/nokia_lcd.o
                0x00000db0                nokia_lcd_draw_char
 .text.nokia_lcd_set_x
                0x00000e1c       0x34 ./Sources/nokia_lcd.o
                0x00000e1c                nokia_lcd_set_x
 .text.nokia_lcd_set_y
                0x00000e50       0x44 ./Sources/nokia_lcd.o
                0x00000e50                nokia_lcd_set_y
 .text.nokia_lcd_set_xy
                0x00000e94       0x2c ./Sources/nokia_lcd.o
                0x00000e94                nokia_lcd_set_xy
 .text.nokia_lcd_clr
                0x00000ec0       0x3c ./Sources/nokia_lcd.o
                0x00000ec0                nokia_lcd_clr
 .text.nokia_lcd_tx
                0x00000efc       0x2c ./Sources/nokia_lcd.o
                0x00000efc                nokia_lcd_tx
 .text.nokia_lcd_cfg_dc
                0x00000f28       0x38 ./Sources/nokia_lcd.o
                0x00000f28                nokia_lcd_cfg_dc
 .text.hardware_init
                0x00000f60      0x184 ./Sources/main.o
                0x00000f60                hardware_init
 .text.sw_init  0x000010e4       0x20 ./Sources/main.o
                0x000010e4                sw_init
 .text.pushb_portc_debounce
                0x00001104       0x5c ./Sources/main.o
                0x00001104                pushb_portc_debounce
 .text.portscd_isr
                0x00001160       0x78 ./Sources/main.o
                0x00001160                portscd_isr
 .text.run      0x000011d8       0x30 ./Sources/main.o
                0x000011d8                run
 .text.main     0x00001208       0x18 ./Sources/main.o
                0x00001208                main
 .text.int_cfg_priority
                0x00001220       0x70 ./Sources/int.o
                0x00001220                int_cfg_priority
 .text.int_cfg_state
                0x00001290       0x58 ./Sources/int.o
                0x00001290                int_cfg_state
 .text.int_init
                0x000012e8       0x38 ./Sources/int.o
                0x000012e8                int_init
 .text.gpiob_pddr_config
                0x00001320       0x4c ./Sources/gpio.o
                0x00001320                gpiob_pddr_config
 .text.gpioc_pddr_config
                0x0000136c       0x4c ./Sources/gpio.o
                0x0000136c                gpioc_pddr_config
 .text.print_charset1
                0x000013b8       0x2c ./Sources/frdm_pushb.o
                0x000013b8                print_charset1
 .text.print_charset2
                0x000013e4       0x2c ./Sources/frdm_pushb.o
                0x000013e4                print_charset2
 *(.rodata)
 *(.rodata*)
                0x00001410                . = ALIGN (0x4)
                0x00001410                ___ROM_AT = .

.glue_7         0x00001410        0x0
 .glue_7        0x00000000        0x0 linker stubs

.glue_7t        0x00001410        0x0
 .glue_7t       0x00000000        0x0 linker stubs

.vfp11_veneer   0x00001410        0x0
 .vfp11_veneer  0x00000000        0x0 linker stubs

.v4_bx          0x00001410        0x0
 .v4_bx         0x00000000        0x0 linker stubs

.iplt           0x00001410        0x0
 .iplt          0x00000000        0x0 ./Project_Settings/CSE325_Lib/unsigned_int_div.o

.rel.dyn        0x00001410        0x0
 .rel.iplt      0x00000000        0x0 ./Project_Settings/CSE325_Lib/unsigned_int_div.o

.data           0x1fffe000      0x1dc load address 0x00001410
                0x1fffe000                . = ALIGN (0x4)
                0x1fffe000                __data_begin = .
 *(.data)
 *(.data*)
 .data.g_font_table
                0x1fffe000      0x1dc ./Sources/nokia_lcd.o
                0x1fffe000                g_font_table
                0x1fffe1dc                . = ALIGN (0x4)
                0x1fffe1dc                __data_end = .
                0x000001dc                __data_size = (__data_end - __data_begin)

.igot.plt       0x1fffe1dc        0x0 load address 0x000015ec
 .igot.plt      0x00000000        0x0 ./Project_Settings/CSE325_Lib/unsigned_int_div.o
                0x1fffe1dc                . = ALIGN (0x4)

.bss            0x1fffe1dc       0xa8 load address 0x000015ec
                0x1fffe1dc                PROVIDE (__bss_begin, .)
 *(.bss)
 *(.bss*)
 .bss.g_callback
                0x1fffe1dc        0x4 ./Sources/systick.o
 .bss.g_callbacks
                0x1fffe1e0        0x8 ./Sources/pit.o
 .bss.g_portc_callback
                0x1fffe1e8       0x80 ./Sources/main.o
 *(COMMON)
 COMMON         0x1fffe268       0x1c ./Sources/global.o
                0x1fffe268                global_mcgirclk_freq_mhz
                0x1fffe26c                global_core_clock_freq_mhz
                0x1fffe270                global_platform_clock_freq_mhz
                0x1fffe274                global_oscerclk_freq_mhz
                0x1fffe278                global_flash_clock_freq_mhz
                0x1fffe27c                global_system_clock_freq_mhz
                0x1fffe280                global_bus_clock_freq_mhz
                0x1fffe284                . = ALIGN (0x4)
                0x1fffe284                PROVIDE (__bss_end, .)
                0x000015ec                __romp_at = (___ROM_AT + SIZEOF (.data))

.romp           0x1fffe284       0x18 load address 0x000015ec
                0x000015ec                __romp = __romp_at
                0x1fffe284        0x4 LONG 0x1410 ___ROM_AT
                0x1fffe288        0x4 LONG 0x1fffe000 __data_begin
                0x1fffe28c        0x4 LONG 0x1dc __data_size
                0x1fffe290        0x4 LONG 0x0
                0x1fffe294        0x4 LONG 0x0
                0x1fffe298        0x4 LONG 0x0
OUTPUT(p07.elf elf32-littlearm)

.debug_info     0x00000000     0x2699
 .debug_info    0x00000000       0xef ./Project_Settings/CSE325_Lib/libcse325.o
 .debug_info    0x000000ef      0x711 ./Project_Settings/Startup_Code/bare_startup.o
 .debug_info    0x00000800       0x90 ./Project_Settings/Startup_Code/bare_asm_startup.o
 .debug_info    0x00000890      0x35d ./Sources/systick.o
 .debug_info    0x00000bed      0x3f1 ./Sources/spi.o
 .debug_info    0x00000fde       0x97 ./Sources/port.o
 .debug_info    0x00001075      0x43d ./Sources/pit.o
 .debug_info    0x000014b2      0x3e7 ./Sources/nokia_lcd.o
 .debug_info    0x00001899      0x63a ./Sources/main.o
 .debug_info    0x00001ed3      0x41b ./Sources/int.o
 .debug_info    0x000022ee      0x1b8 ./Sources/gpio.o
 .debug_info    0x000024a6      0x11e ./Sources/global.o
 .debug_info    0x000025c4       0xd5 ./Sources/frdm_pushb.o

.debug_abbrev   0x00000000      0xae4
 .debug_abbrev  0x00000000       0x79 ./Project_Settings/CSE325_Lib/libcse325.o
 .debug_abbrev  0x00000079      0x185 ./Project_Settings/Startup_Code/bare_startup.o
 .debug_abbrev  0x000001fe       0x14 ./Project_Settings/Startup_Code/bare_asm_startup.o
 .debug_abbrev  0x00000212       0xfe ./Sources/systick.o
 .debug_abbrev  0x00000310      0x109 ./Sources/spi.o
 .debug_abbrev  0x00000419       0x68 ./Sources/port.o
 .debug_abbrev  0x00000481      0x108 ./Sources/pit.o
 .debug_abbrev  0x00000589      0x173 ./Sources/nokia_lcd.o
 .debug_abbrev  0x000006fc      0x148 ./Sources/main.o
 .debug_abbrev  0x00000844      0x111 ./Sources/int.o
 .debug_abbrev  0x00000955       0xba ./Sources/gpio.o
 .debug_abbrev  0x00000a0f       0x4d ./Sources/global.o
 .debug_abbrev  0x00000a5c       0x88 ./Sources/frdm_pushb.o

.debug_loc      0x00000000      0xc28
 .debug_loc     0x00000000       0x70 ./Project_Settings/CSE325_Lib/libcse325.o
 .debug_loc     0x00000070      0x120 ./Project_Settings/Startup_Code/bare_startup.o
 .debug_loc     0x00000190      0x1a8 ./Sources/systick.o
 .debug_loc     0x00000338       0x9c ./Sources/spi.o
 .debug_loc     0x000003d4       0x38 ./Sources/port.o
 .debug_loc     0x0000040c       0xd4 ./Sources/pit.o
 .debug_loc     0x000004e0      0x2d8 ./Sources/nokia_lcd.o
 .debug_loc     0x000007b8      0x114 ./Sources/main.o
 .debug_loc     0x000008cc      0x1e0 ./Sources/int.o
 .debug_loc     0x00000aac       0xe0 ./Sources/gpio.o
 .debug_loc     0x00000b8c       0x9c ./Sources/frdm_pushb.o

.debug_aranges  0x00000000      0x318
 .debug_aranges
                0x00000000       0x28 ./Project_Settings/CSE325_Lib/libcse325.o
 .debug_aranges
                0x00000028       0x48 ./Project_Settings/Startup_Code/bare_startup.o
 .debug_aranges
                0x00000070       0x20 ./Project_Settings/Startup_Code/bare_asm_startup.o
 .debug_aranges
                0x00000090       0x58 ./Sources/systick.o
 .debug_aranges
                0x000000e8       0x30 ./Sources/spi.o
 .debug_aranges
                0x00000118       0x20 ./Sources/port.o
 .debug_aranges
                0x00000138       0x38 ./Sources/pit.o
 .debug_aranges
                0x00000170       0x80 ./Sources/nokia_lcd.o
 .debug_aranges
                0x000001f0       0x48 ./Sources/main.o
 .debug_aranges
                0x00000238       0x60 ./Sources/int.o
 .debug_aranges
                0x00000298       0x38 ./Sources/gpio.o
 .debug_aranges
                0x000002d0       0x18 ./Sources/global.o
 .debug_aranges
                0x000002e8       0x30 ./Sources/frdm_pushb.o

.debug_macinfo  0x00000000   0x247959
 .debug_macinfo
                0x00000000    0x30991 ./Project_Settings/CSE325_Lib/libcse325.o
 .debug_macinfo
                0x00030991    0x309ab ./Project_Settings/Startup_Code/bare_startup.o
 .debug_macinfo
                0x0006133c    0x309f2 ./Sources/systick.o
 .debug_macinfo
                0x00091d2e    0x30990 ./Sources/spi.o
 .debug_macinfo
                0x000c26be    0x30aab ./Sources/port.o
 .debug_macinfo
                0x000f3169    0x3099c ./Sources/pit.o
 .debug_macinfo
                0x00123b05    0x309a4 ./Sources/nokia_lcd.o
 .debug_macinfo
                0x001544a9    0x30d30 ./Sources/main.o
 .debug_macinfo
                0x001851d9    0x3098b ./Sources/int.o
 .debug_macinfo
                0x001b5b64    0x309b0 ./Sources/gpio.o
 .debug_macinfo
                0x001e6514    0x3097e ./Sources/global.o
 .debug_macinfo
                0x00216e92    0x30ac7 ./Sources/frdm_pushb.o

.debug_line     0x00000000      0xd8f
 .debug_line    0x00000000       0xe2 ./Project_Settings/CSE325_Lib/libcse325.o
 .debug_line    0x000000e2      0x16d ./Project_Settings/Startup_Code/bare_startup.o
 .debug_line    0x0000024f       0x72 ./Project_Settings/Startup_Code/bare_asm_startup.o
 .debug_line    0x000002c1      0x13d ./Sources/systick.o
 .debug_line    0x000003fe       0xe1 ./Sources/spi.o
 .debug_line    0x000004df       0xbd ./Sources/port.o
 .debug_line    0x0000059c       0xf7 ./Sources/pit.o
 .debug_line    0x00000693      0x1c3 ./Sources/nokia_lcd.o
 .debug_line    0x00000856      0x18a ./Sources/main.o
 .debug_line    0x000009e0      0x13a ./Sources/int.o
 .debug_line    0x00000b1a       0xe2 ./Sources/gpio.o
 .debug_line    0x00000bfc       0x8a ./Sources/global.o
 .debug_line    0x00000c86      0x109 ./Sources/frdm_pushb.o

.debug_str      0x00000000     0x11ff
 .debug_str     0x00000000      0x14c ./Project_Settings/CSE325_Lib/libcse325.o
                                0x158 (size before relaxing)
 .debug_str     0x0000014c      0x35b ./Project_Settings/Startup_Code/bare_startup.o
                                0x444 (size before relaxing)
 .debug_str     0x000004a7      0x3df ./Sources/systick.o
                                0x4d4 (size before relaxing)
 .debug_str     0x00000886       0x55 ./Sources/spi.o
                                0x238 (size before relaxing)
 .debug_str     0x000008db       0x28 ./Sources/port.o
                                0x112 (size before relaxing)
 .debug_str     0x00000903      0x3ee ./Sources/pit.o
                                0x509 (size before relaxing)
 .debug_str     0x00000cf1      0x1d2 ./Sources/nokia_lcd.o
                                0x2d4 (size before relaxing)
 .debug_str     0x00000ec3       0xd4 ./Sources/main.o
                                0x449 (size before relaxing)
 .debug_str     0x00000f97      0x157 ./Sources/int.o
                                0x3d4 (size before relaxing)
 .debug_str     0x000010ee       0x64 ./Sources/gpio.o
                                0x187 (size before relaxing)
 .debug_str     0x00001152       0x67 ./Sources/global.o
                                0x210 (size before relaxing)
 .debug_str     0x000011b9       0x46 ./Sources/frdm_pushb.o
                                0x130 (size before relaxing)

.comment        0x00000000       0x79
 .comment       0x00000000       0x79 ./Project_Settings/CSE325_Lib/libcse325.o
                                 0x7a (size before relaxing)
 .comment       0x00000000       0x7a ./Project_Settings/Startup_Code/bare_startup.o
 .comment       0x00000000       0x7a ./Sources/systick.o
 .comment       0x00000000       0x7a ./Sources/spi.o
 .comment       0x00000000       0x7a ./Sources/port.o
 .comment       0x00000000       0x7a ./Sources/pit.o
 .comment       0x00000000       0x7a ./Sources/nokia_lcd.o
 .comment       0x00000000       0x7a ./Sources/main.o
 .comment       0x00000000       0x7a ./Sources/int.o
 .comment       0x00000000       0x7a ./Sources/gpio.o
 .comment       0x00000000       0x7a ./Sources/global.o
 .comment       0x00000000       0x7a ./Sources/frdm_pushb.o

.ARM.attributes
                0x00000000       0x2d
 .ARM.attributes
                0x00000000       0x31 ./Project_Settings/CSE325_Lib/libcse325.o
 .ARM.attributes
                0x00000031       0x31 ./Project_Settings/Startup_Code/bare_startup.o
 .ARM.attributes
                0x00000062       0x21 ./Project_Settings/Startup_Code/bare_asm_startup.o
 .ARM.attributes
                0x00000083       0x31 ./Sources/systick.o
 .ARM.attributes
                0x000000b4       0x31 ./Sources/spi.o
 .ARM.attributes
                0x000000e5       0x31 ./Sources/port.o
 .ARM.attributes
                0x00000116       0x31 ./Sources/pit.o
 .ARM.attributes
                0x00000147       0x31 ./Sources/nokia_lcd.o
 .ARM.attributes
                0x00000178       0x31 ./Sources/main.o
 .ARM.attributes
                0x000001a9       0x31 ./Sources/int.o
 .ARM.attributes
                0x000001da       0x31 ./Sources/gpio.o
 .ARM.attributes
                0x0000020b       0x31 ./Sources/global.o
 .ARM.attributes
                0x0000023c       0x31 ./Sources/frdm_pushb.o

.debug_frame    0x00000000      0x7d0
 .debug_frame   0x00000000       0x50 ./Project_Settings/CSE325_Lib/libcse325.o
 .debug_frame   0x00000050       0xc0 ./Project_Settings/Startup_Code/bare_startup.o
 .debug_frame   0x00000110      0x108 ./Sources/systick.o
 .debug_frame   0x00000218       0x6c ./Sources/spi.o
 .debug_frame   0x00000284       0x30 ./Sources/port.o
 .debug_frame   0x000002b4       0x8c ./Sources/pit.o
 .debug_frame   0x00000340      0x1b0 ./Sources/nokia_lcd.o
 .debug_frame   0x000004f0       0xbc ./Sources/main.o
 .debug_frame   0x000005ac      0x128 ./Sources/int.o
 .debug_frame   0x000006d4       0x90 ./Sources/gpio.o
 .debug_frame   0x00000764       0x6c ./Sources/frdm_pushb.o
